directive @discriminates(opaqueType: String, with: _DirectiveArgument_) on INTERFACE

directive @discriminationAlias(type: String!, value: String!) repeatable on INTERFACE

directive @field(at: _DirectiveArgument_!, default: _DirectiveArgument_) on FIELD_DEFINITION

directive @implements(interface: String!) on INTERFACE | OBJECT

directive @resolve(at: _DirectiveArgument_, from: String) on FIELD_DEFINITION

interface Node {
  id: ID!
}

type Query {
  node(id: ID!): Node
  nodes(ids: [ID!]!): [Node]!
}

scalar _DirectiveArgument_